﻿
> jxplatforms-web@0.0.0 build
> vite build

[36mvite v7.3.0 [32mbuilding client environment for production...[36m[39m
transforming...
[32mΓ£ô[39m 3 modules transformed.
node.exe : 
[31mΓ£ù[39m Build 
failed in 101ms
At line:1 char:1
+ & "C:\Program Files\
nodejs/node.exe" 
"C:\Program 
Files\nodejs/node_mo 
...
+ ~~~~~~~~~~~~~~~~~~~~
~~~~~~~~~~~~~~~~~~~~~~
~~~~~~~~~~~~~~~~~~~~~~
~~~~~
    + CategoryInfo    
          : NotSpeci  
  fied: ([31mΓ£ù[   
 39m Build failed     
in 101ms:String)     
[], RemoteExcepti    
on
    + FullyQualifiedE 
   rrorId : NativeCo  
  mmandError
 
[31merror during 
build:
[31m[vite:css] 
Failed to load 
PostCSS config 
(searchPath: C:/Users/
User/Documents/JX 
Platforms Inc 
Official 
Apps/JXPlatforms 
Official Website): 
[SyntaxError] 
Unexpected token '<<'
SyntaxError: 
Unexpected token '<<'
    at compileSourceTe
xtModule (node:interna
l/modules/esm/utils:31
8:16)
    at ModuleLoader.mo
duleStrategy (node:int
ernal/modules/esm/tran
slators:111:18)
    at #translate (nod
e:internal/modules/esm
/loader:473:20)
    at afterLoad (node
:internal/modules/esm/
loader:529:29)
    at ModuleLoader.lo
adAndTranslate (node:i
nternal/modules/esm/lo
ader:534:12)
    at #getOrCreateMod
uleJobAfterResolve (no
de:internal/modules/es
m/loader:571:36)
    at afterResolve (n
ode:internal/modules/e
sm/loader:624:52)
    at ModuleLoader.ge
tOrCreateModuleJob (no
de:internal/modules/es
m/loader:630:12)
    at onImport.traceP
romise.__proto__ (node
:internal/modules/esm/
loader:649:32)
    at TracingChannel.
tracePromise (node:dia
gnostics_channel:350:1
4)[31m
file: [36mC:/Users/Us
er/Documents/JX 
Platforms Inc 
Official 
Apps/JXPlatforms 
Official Website/src/i
ndex.css[31m
[39m
